// Jest Snapshot v1, https://goo.gl/fbAQLP

exports[`Should render MoviesList component 1`] = `
<div
  className="catalog__movies-list"
>
  <article
    className="small-movie-card catalog__movies-card"
    onClick={[Function]}
    onMouseOut={[Function]}
    onMouseOver={[Function]}
  >
    <div
      className="small-movie-card__image"
    >
      <img
        alt="MovieName"
        height="175"
        src="https://url.com"
        width="280"
      />
    </div>
    <h3
      className="small-movie-card__title"
    >
      <a
        className="small-movie-card__link"
        href="#"
      >
        MovieName
      </a>
    </h3>
  </article>
</div>
`;
