// Jest Snapshot v1, https://goo.gl/fbAQLP

exports[`Should render MovieCard component 1`] = `
<article
  className="small-movie-card catalog__movies-card"
  onClick={[Function]}
  onMouseOver={[Function]}
>
  <div
    className="small-movie-card__image"
  >
    <img
      alt="Movie name"
      height="175"
      src="https://poster-url.com"
      width="280"
    />
  </div>
  <h3
    className="small-movie-card__title"
  >
    <a
      className="small-movie-card__link"
      href="#"
    >
      Movie name
    </a>
  </h3>
</article>
`;
